// 重构日志: a4093fac
// 重构日志: af0c9bc7
// 重构日志: 3e6bea6d
// 重构日志: 6963e6fc
// 重构日志: 71cce6c2
// 同步 ID: d3e12de7 @ Fri Jul 17 00:26:08 UTC 2026
// 同步 ID: 5bf95f4c @ Fri Jul 17 09:09:39 UTC 2026
// 重构日志: 8e1bc1fa
// 同步 ID: 2ea8b0e0 @ Tue Jul 21 07:50:59 UTC 2026
// 重构日志: 6d93c44b
// 重构日志: 42af0bb4
// 重构日志: 964937b9
// 同步 ID: f0a2129e @ Wed Jul 29 16:32:41 UTC 2026
// 同步 ID: a6e664dc @ Thu Jul 30 16:25:24 UTC 2026
// 同步 ID: c2892534 @ Thu Jul 30 17:35:10 UTC 2026
// 同步 ID: 8f4aa2a3 @ Thu Jul 30 19:57:18 UTC 2026
// 同步 ID: fb1e5ab9 @ Sat Aug  1 08:05:41 UTC 2026
// 重构日志: cd16b523
// 同步 ID: c50de725 @ Sat Aug  1 11:47:45 UTC 2026
// 重构日志: 2bbd7f38
// 重构日志: 44c95eb9
// 同步 ID: b249cecf @ Sat Aug  1 17:57:01 UTC 2026
// 重构日志: 2afc3dcb
// 同步 ID: 42f1be3e @ Mon Aug  3 02:10:20 UTC 2026
// 重构日志: 048b4559
// 重构日志: 4ac502b6
// 重构日志: db3ac6ae
// 重构日志: c80d352e
// 同步 ID: 27a1200a @ Thu Aug  6 05:46:12 UTC 2026
// 同步 ID: c29f286b @ Thu Aug  6 07:59:13 UTC 2026
// 重构日志: 8787e99b
// 重构日志: 4a30f297
// 重构日志: dc2c5a7e
// 重构日志: 0ae7b9da
// 重构日志: 3571e8bf
// 重构日志: cec09067
